{
  "id": 1,
  "result": "0x14b7e67",
  "jsonrpc": "2.0"
}
