{
  "StatusCode": 404,
  "Body": "eyJqc29ucnBjIjoiMi4wIiwiaWQiOjEsInJlc3VsdCI6bnVsbH0K"
}
